// Jest Snapshot v1, https://goo.gl/fbAQLP

exports[`@Header render should render defaultheader 1`] = `
<header
  className="site-header"
  role="navigation"
>
  <div
    className="header-right"
  >
    <img
      className="header-logo"
      src="../../../../assets/images/dazn-logo.png"
    />
  </div>
</header>
`;
