// Jest Snapshot v1, https://goo.gl/fbAQLP

exports[`@Movies render should render default Movie list detail 1`] = `
<Link
  className="link"
  to="/movie/1234"
>
  <div
    className="movie-image"
  >
    <img
      src="http://image.tmdb.org/t/p/w200path_image.png"
    />
  </div>
  <div
    className="movie-info"
  >
    <span
      className="movie-title"
    >
      title
    </span>
    <span
      className="movie-rating"
    >
      Rating : 
      vote_average
    </span>
  </div>
</Link>
`;
